../Core/Src/main.c:93:6:updateEncoder	24	static
../Core/Src/main.c:109:6:HAL_GPIO_EXTI_Callback	16	static
../Core/Src/main.c:123:6:HAL_UART_RxCpltCallback	16	static
../Core/Src/main.c:158:6:UART_StartReceive	8	static
../Core/Src/main.c:170:5:main	72	static
../Core/Src/main.c:252:6:SystemClock_Config	88	static
../Core/Src/main.c:299:13:MX_TIM1_Init	32	static
../Core/Src/main.c:345:13:MX_USART2_UART_Init	8	static
../Core/Src/main.c:379:13:MX_GPIO_Init	40	static
../Core/Src/main.c:435:6:StartEncoderTask	72	static,ignoring_inline_asm
../Core/Src/main.c:454:6:StartMotorTask	96	static,ignoring_inline_asm
../Core/Src/main.c:506:6:HAL_TIM_PeriodElapsedCallback	16	static
../Core/Src/main.c:523:6:Error_Handler	4	static,ignoring_inline_asm
