../Drivers/CMSIS/Include/core_cm4.h:2059:26:ITM_SendChar	16	static,ignoring_inline_asm
../Core/Src/main.c:116:5:_write	32	static
../Core/Src/main.c:141:10:calculateCRC	24	static
../Core/Src/main.c:166:6:processImuData	96	static
../Core/Src/main.c:195:6:processLoadcellData	24	static
../Core/Src/main.c:221:6:HAL_UART_RxCpltCallback	24	static
../Core/Src/main.c:284:6:Read_ADC_Channel	40	static
../Core/Src/main.c:304:6:processRemoteData	32	static
../Core/Src/main.c:325:5:main	8	static
../Core/Src/main.c:376:6:SystemClock_Config	96	static
../Core/Src/main.c:426:13:MX_ADC1_Init	48	static
../Core/Src/main.c:529:13:MX_USART1_UART_Init	8	static
../Core/Src/main.c:564:13:MX_USART2_UART_Init	8	static
../Core/Src/main.c:599:13:MX_GPIO_Init	40	static
../Core/Src/main.c:632:6:Error_Handler	4	static,ignoring_inline_asm
