../Core/Src/main.c:104:6:updateEncoder	24	static
../Core/Src/main.c:119:6:HAL_GPIO_EXTI_Callback	16	static
../Core/Src/main.c:129:6:UART_StartReceive	8	static
../Core/Src/main.c:144:5:main	72	static
../Core/Src/main.c:222:6:SystemClock_Config	88	static
../Core/Src/main.c:269:13:MX_TIM1_Init	32	static
../Core/Src/main.c:315:13:MX_USART1_UART_Init	8	static
../Core/Src/main.c:348:13:MX_GPIO_Init	40	static
../Core/Src/main.c:404:6:StartEncoderTask	16	static
../Core/Src/main.c:426:6:homePosition	24	static,ignoring_inline_asm
../Core/Src/main.c:448:6:StartMotorTask	40	static
../Core/Src/main.c:499:6:HAL_TIM_PeriodElapsedCallback	16	static
../Core/Src/main.c:516:6:Error_Handler	4	static,ignoring_inline_asm
