../Drivers/CMSIS/Include/core_cm4.h:2059:26:ITM_SendChar	16	static,ignoring_inline_asm
../Core/Src/main.c:92:6:UART_StartReceive	8	static
../Core/Src/main.c:101:5:_write	32	static
../Core/Src/main.c:116:5:main	40	static
../Core/Src/main.c:232:6:SystemClock_Config	96	static
../Core/Src/main.c:282:13:MX_TIM1_Init	40	static
../Core/Src/main.c:329:13:MX_USART1_UART_Init	8	static
../Core/Src/main.c:364:13:MX_GPIO_Init	40	static
../Core/Src/main.c:407:6:HAL_TIM_PeriodElapsedCallback	16	static
../Core/Src/main.c:424:6:Error_Handler	4	static,ignoring_inline_asm
