../Drivers/CMSIS/Include/core_cm4.h:2059:26:ITM_SendChar	16	static,ignoring_inline_asm
../Core/Src/main.c:136:6:updateEncoder	24	static
../Core/Src/main.c:158:6:HAL_GPIO_EXTI_Callback	16	static
../Core/Src/main.c:168:6:UART_StartReceive	8	static
../Core/Src/main.c:177:5:_write	32	static
../Core/Src/main.c:194:5:main	72	static
../Core/Src/main.c:283:6:SystemClock_Config	96	static
../Core/Src/main.c:333:13:MX_TIM1_Init	40	static
../Core/Src/main.c:380:13:MX_USART1_UART_Init	8	static
../Core/Src/main.c:415:13:MX_GPIO_Init	48	static
../Core/Src/main.c:462:6:homePosition	24	static,ignoring_inline_asm
../Core/Src/main.c:504:6:StartMotorTask	40	static
../Core/Src/main.c:580:6:StartEncoderTask	24	static
../Core/Src/main.c:604:6:HAL_TIM_PeriodElapsedCallback	16	static
../Core/Src/main.c:621:6:Error_Handler	4	static,ignoring_inline_asm
