../Drivers/CMSIS/Include/core_cm4.h:2059:26:ITM_SendChar	16	static,ignoring_inline_asm
../Core/Src/main.c:118:6:updateEncoder	24	static
../Core/Src/main.c:141:6:HAL_GPIO_EXTI_Callback	16	static
../Core/Src/main.c:151:6:UART_StartReceive	8	static
../Core/Src/main.c:160:5:_write	32	static
../Core/Src/main.c:175:5:main	72	static
../Core/Src/main.c:255:6:SystemClock_Config	96	static
../Core/Src/main.c:305:13:MX_TIM1_Init	40	static
../Core/Src/main.c:352:13:MX_USART1_UART_Init	8	static
../Core/Src/main.c:387:13:MX_GPIO_Init	48	static
../Core/Src/main.c:443:6:StartMotorTask	40	static
../Core/Src/main.c:523:6:StartEncoderTask	24	static
../Core/Src/main.c:546:6:HAL_TIM_PeriodElapsedCallback	16	static
../Core/Src/main.c:563:6:Error_Handler	4	static,ignoring_inline_asm
