../Drivers/CMSIS/Include/core_cm4.h:2059:26:ITM_SendChar	16	static,ignoring_inline_asm
../Core/Src/main.c:89:5:_write	32	static
../Core/Src/main.c:101:19:BNO055_WriteReg	32	static
../Core/Src/main.c:105:19:BNO055_ReadRegs	32	static
../Core/Src/main.c:109:19:BNO055_Init	16	static
../Core/Src/main.c:148:19:BNO055_ReadQuaternion	40	static
../Core/Src/main.c:177:5:main	280	static
../Core/Src/main.c:289:6:SystemClock_Config	96	static
../Core/Src/main.c:339:13:MX_I2C1_Init	8	static
../Core/Src/main.c:387:13:MX_USART2_UART_Init	8	static
../Core/Src/main.c:422:13:MX_GPIO_Init	40	static
../Core/Src/main.c:451:6:Error_Handler	4	static,ignoring_inline_asm
