../PlebcStepper/PlebcStepper.c:12:6:microDelay	16	static
../PlebcStepper/PlebcStepper.c:17:6:setMaxSpeed	16	static
../PlebcStepper/PlebcStepper.c:21:6:setAcceleration	16	static
../PlebcStepper/PlebcStepper.c:25:6:setRPM	24	static
../PlebcStepper/PlebcStepper.c:30:15:computeNewSpeed	8	static
../PlebcStepper/PlebcStepper.c:45:6:motorRunForward	24	static
../PlebcStepper/PlebcStepper.c:63:6:motorRunBackward	24	static
../PlebcStepper/PlebcStepper.c:81:6:motorRunContinuous	24	static
../PlebcStepper/PlebcStepper.c:99:6:motorMove	24	static
../PlebcStepper/PlebcStepper.c:128:6:motorStop	24	static
../PlebcStepper/PlebcStepper.c:146:6:emergencyMotorStop	16	static
