../PlebcStepper/PlebcStepper.c:29:6:microDelay	16	static
../PlebcStepper/PlebcStepper.c:35:6:setMaxSpeed	16	static
../PlebcStepper/PlebcStepper.c:39:6:setAcceleration	16	static
../PlebcStepper/PlebcStepper.c:43:6:setRPM	24	static
../PlebcStepper/PlebcStepper.c:49:15:computeNewSpeed	8	static
../PlebcStepper/PlebcStepper.c:69:6:motorRunForward	24	static
../PlebcStepper/PlebcStepper.c:87:6:motorRunBackward	24	static
../PlebcStepper/PlebcStepper.c:105:6:motorRunContinuous	24	static
../PlebcStepper/PlebcStepper.c:123:6:HomeMotorMove	24	static
../PlebcStepper/PlebcStepper.c:203:6:motorMove	48	static
../PlebcStepper/PlebcStepper.c:312:6:motorStop	16	static
../PlebcStepper/PlebcStepper.c:326:6:emergencyMotorStop	16	static
