../PlebcStepper/PlebcStepper.c:16:6:microDelay	16	static
../PlebcStepper/PlebcStepper.c:21:6:setMaxSpeed	16	static
../PlebcStepper/PlebcStepper.c:25:6:setAcceleration	16	static
../PlebcStepper/PlebcStepper.c:29:6:setRPM	24	static
../PlebcStepper/PlebcStepper.c:52:15:computeNewSpeed	8	static
../PlebcStepper/PlebcStepper.c:70:6:motorRunForward	24	static
../PlebcStepper/PlebcStepper.c:88:6:motorRunBackward	24	static
../PlebcStepper/PlebcStepper.c:106:6:motorRunContinuous	24	static
../PlebcStepper/PlebcStepper.c:124:6:motorMove	24	static
../PlebcStepper/PlebcStepper.c:166:6:motorStop	24	static
../PlebcStepper/PlebcStepper.c:186:6:emergencyMotorStop	16	static
