../Core/Src/main.c:105:6:updateEncoder	24	static
../Core/Src/main.c:121:6:HAL_GPIO_EXTI_Callback	16	static
../Core/Src/main.c:135:6:HAL_UART_RxCpltCallback	16	static
../Core/Src/main.c:171:6:UART_StartReceive	8	static
../Core/Src/main.c:181:5:main	72	static
../Core/Src/main.c:258:6:SystemClock_Config	88	static
../Core/Src/main.c:305:13:MX_TIM1_Init	32	static
../Core/Src/main.c:351:13:MX_USART2_UART_Init	8	static
../Core/Src/main.c:386:13:MX_GPIO_Init	40	static
../Core/Src/main.c:441:6:StartEncoderTask	16	static
../Core/Src/main.c:474:6:homePosition	24	static,ignoring_inline_asm
../Core/Src/main.c:496:6:StartMotorTask	40	static
../Core/Src/main.c:547:6:HAL_TIM_PeriodElapsedCallback	16	static
../Core/Src/main.c:564:6:Error_Handler	4	static,ignoring_inline_asm
