../Drivers/CMSIS/Include/core_cm4.h:2064:26:ITM_SendChar	16	static,ignoring_inline_asm
../Core/Src/main.c:135:6:updateEncoder	24	static
../Core/Src/main.c:157:6:HAL_GPIO_EXTI_Callback	16	static
../Core/Src/main.c:167:6:UART_StartReceive	8	static
../Core/Src/main.c:176:5:_write	32	static
../Core/Src/main.c:194:5:main	72	static
../Core/Src/main.c:278:6:SystemClock_Config	88	static
../Core/Src/main.c:325:13:MX_TIM1_Init	32	static
../Core/Src/main.c:371:13:MX_USART1_UART_Init	8	static
../Core/Src/main.c:404:13:MX_GPIO_Init	48	static
../Core/Src/main.c:461:6:StartEncoderTask	24	static
../Core/Src/main.c:488:6:homePosition	24	static,ignoring_inline_asm
../Core/Src/main.c:521:6:StartMotorTask	40	static
../Core/Src/main.c:603:6:HAL_TIM_PeriodElapsedCallback	16	static
../Core/Src/main.c:620:6:Error_Handler	4	static,ignoring_inline_asm
