../Core/Src/main.c:115:6:updateEncoder	24	static
../Core/Src/main.c:130:6:HAL_GPIO_EXTI_Callback	16	static
../Core/Src/main.c:140:6:UART_StartReceive	8	static
../Core/Src/main.c:155:5:main	72	static
../Core/Src/main.c:235:6:SystemClock_Config	88	static
../Core/Src/main.c:282:13:MX_TIM1_Init	32	static
../Core/Src/main.c:328:13:MX_USART1_UART_Init	8	static
../Core/Src/main.c:361:13:MX_GPIO_Init	48	static
../Core/Src/main.c:418:6:StartEncoderTask	24	static
../Core/Src/main.c:448:6:homePosition	24	static,ignoring_inline_asm
../Core/Src/main.c:476:6:StartMotorTask	40	static
../Core/Src/main.c:545:6:HAL_TIM_PeriodElapsedCallback	16	static
../Core/Src/main.c:562:6:Error_Handler	4	static,ignoring_inline_asm
